// Jest Snapshot v1, https://goo.gl/fbAQLP

exports[`component StyledText renders correctly 1`] = `
<Text
  style={
    Array [
      Object {
        "color": "#121212",
        "fontFamily": "Proxima",
        "fontSize": 18,
      },
      undefined,
    ]
  }
>
  Snapshot test!
</Text>
`;
